e: file:///C:/Users/laxma/Desktop/Nikesh%20Parihar/Andro
e: file:///C:/Users/laxma/Desktop/Nikesh%20Parihar/Andro
